compare: false
newHash: $2b$10$Q2Xn2B5CcEgEnc6OWsrJFuE/DVeoZkmu0h39ESSwe.vcidFAp7zLa